// Jest Snapshot v1, https://goo.gl/fbAQLP

exports[`SnapShot pokemon card id=13 correctly 1`] = `
<Text>
  Loading...
</Text>
`;